Resolved "preview" environment for the build. Learn more: https://docs.expo.dev/eas/environment-variables/#setting-the-environment-for-your-builds
No environment variables with visibility "Plain text" and "Sensitive" found for the "preview" environment on EAS.



✔ Using remote Android credentials (Expo server)
✔ Using Keystore from configuration: Build Credentials 4hRvYfyOqW (default)

Compressing project files and uploading to EAS Build. Learn more: https://expo.fyi/eas-build-archive
- Compressing project files
- Uploading to EAS Build (0 / 5.4 MB)
✔ Uploaded to EAS 5s
- Computing project fingerprint
✔ Computed project fingerprint

See logs: https://expo.dev/accounts/aishu007s-team/projects/ipobharosa/builds/09413e6b-6f98-4df4-aedd-47af798cc971

Waiting for build to complete. You can press Ctrl+C to exit.
- Waiting for build to complete.
✔ Build finished

  ▄▄▄▄▄▄▄▄▄▄▄▄▄▄▄▄▄▄▄▄▄▄▄▄▄▄▄▄▄▄▄▄▄▄▄▄▄▄▄
  █ ▄▄▄▄▄ █▀▄▄▀ ▄   ▀█▄    ▀██  █ ▄▄▄▄▄ █
  █ █   █ █▄    █ ▀▀▄▄▄▄█▀████▀ █ █   █ █
  █ █▄▄▄█ █ ▀█▄    █▄█▀▄▀▄▄ ▄█ ▀█ █▄▄▄█ █
  █▄▄▄▄▄▄▄█ ▀▄█ █ █▄▀ ▀▄▀ █▄█ ▀▄█▄▄▄▄▄▄▄█
  █  █▄▀▀▄▄██ ▄█ ▄█ ▀ █ ▄█▄▀  █▀▀ ▄▄▀ ▄▀█
  █▀▀▀ █▄▄  ▄███ █▀▀██ ▄  █ ▀▄▀█▀ ▀ ▀▄▀ █
  █ ██▄██▄▀▀▀▄▄█▄██▄  ▀  ▀█▀ ▄▄▄  ▀████ █
  █▀▀█ █▀▄█▄▀█▄█▀▄▀   ▀▀ ▄▄█▀ ██▄ ▄  █▀▄█
  ███ ▄ ▄▄██▀█▀ ▀▀█▄▄ █▄▄▄▀ ▀██ ▄  ▀█ ▀ █
  █▄█ ▀ █▄▀▀ ▀████▀█  ██▀ ▀▀██▀▀▄▀▀█▄▀ ▄█
  ██ ▀█▄ ▄▀▀▀ ▄ ▄█▄▄▀█▄▀ █▄  ▄▄ █ ▄▄███ █
  █ ▄██▀▄▄▀▄▀▀█▄ █▀██▀ █▀▀▀▄ █▀▄ ▄█ ▄█▄▄█
  ██ ▀▄█ ▄▀▄▄ ▄█▄ ▄▀  ▀▀ █▄ ▄██▄  ▀█ █▄ █
  █▄▀▀█  ▄▀▄▄▀ █▀▄▀█▀███ ▄▄▀▀▀█▀▀▀███▄▀▄█
  █▄▄██▄█▄█ ▄█ █▀▄▄▄▄█▄▄▄▄  █▀  ▄▄▄  ▄█▀█
  █ ▄▄▄▄▄ █▄▀ █▀▄▀█▄ ▄▀▀ ██▄█▀  █▄█ █  ▄█
  █ █   █ █▀▄▀▄█ ▄█ █▄▄█ ▀▄▀▄██ ▄▄  █▀ ▀█
  █ █▄▄▄█ █▀▄▀▀  ▄█▀█▀ ▀ ▀█▄▀██▀ █▀▄ ▄▄▄█
  █▄▄▄▄▄▄▄█▄▄██▄▄███▄▄█▄▄███▄█▄▄█▄▄███▄▄█


🤖 Open this link on your Android devices (or scan the QR code) to install the app:
https://expo.dev/accounts/aishu007s-team/projects/ipobharosa/builds/09413e6b-6f98-4df4-aedd-47af798cc971
